19:25:04 **** Incremental Build of configuration Debug for project task3 ****
make all 
Building file: ../src/main2.c
Invoking: Cross ARM GNU C Compiler
arm-none-eabi-gcc -mcpu=cortex-m4 -mthumb -mfloat-abi=soft -Og -fmessage-length=0 -fsigned-char -ffunction-sections -fdata-sections -ffreestanding -fno-move-loop-invariants -Wall -Wextra  -g3 -DDEBUG -DUSE_FULL_ASSERT -DTRACE -DOS_USE_TRACE_SEMIHOSTING_DEBUG -DSTM32F401xC -DUSE_HAL_DRIVER -DHSE_VALUE=8000000 -I"../include" -I"../system/include" -I"../system/include/cmsis" -I"../system/include/stm32f4-hal" -std=gnu11 -MMD -MP -MF"src/main2.d" -MT"src/main2.o" -c -o "src/main2.o" "../src/main2.c"
../src/main2.c: In function 'main':
../src/main2.c:76:3: warning: implicit declaration of function 'MNVIC_VoidEnableInterrupt' [-Wimplicit-function-declaration]
   MNVIC_VoidEnableInterrupt(7);
   ^~~~~~~~~~~~~~~~~~~~~~~~~
../src/main2.c:83:6: warning: implicit declaration of function 'MSTK_vInit'; did you mean 'MRCC_vInit'? [-Wimplicit-function-declaration]
      MSTK_vInit();
      ^~~~~~~~~~
      MRCC_vInit
Finished building: ../src/main2.c
 
Building target: task3.elf
Invoking: Cross ARM GNU C++ Linker
arm-none-eabi-g++ -mcpu=cortex-m4 -mthumb -mfloat-abi=soft -Og -fmessage-length=0 -fsigned-char -ffunction-sections -fdata-sections -ffreestanding -fno-move-loop-invariants -Wall -Wextra  -g3 -T mem.ld -T libs.ld -T sections.ld -nostartfiles -Xlinker --gc-sections -L"../ldscripts" -Wl,-Map,"task3.map" --specs=nano.specs -o "task3.elf"  ./system/src/stm32f4-hal/stm32f4xx_hal.o ./system/src/stm32f4-hal/stm32f4xx_hal_cortex.o ./system/src/stm32f4-hal/stm32f4xx_hal_dfsdm.o ./system/src/stm32f4-hal/stm32f4xx_hal_flash.o ./system/src/stm32f4-hal/stm32f4xx_hal_gpio.o ./system/src/stm32f4-hal/stm32f4xx_hal_iwdg.o ./system/src/stm32f4-hal/stm32f4xx_hal_pwr.o ./system/src/stm32f4-hal/stm32f4xx_hal_rcc.o  ./system/src/newlib/_cxx.o ./system/src/newlib/_exit.o ./system/src/newlib/_sbrk.o ./system/src/newlib/_startup.o ./system/src/newlib/_syscalls.o ./system/src/newlib/assert.o  ./system/src/diag/Trace.o ./system/src/diag/trace_impl.o  ./system/src/cortexm/_initialize_hardware.o ./system/src/cortexm/_reset_hardware.o ./system/src/cortexm/exception_handlers.o  ./system/src/cmsis/system_stm32f4xx.o ./system/src/cmsis/vectors_stm32f401xc.o  ./src/MEXTI_Prog.o ./src/MGPIO_Prog.o ./src/MNVIC_prog.o ./src/MRCC_Prog.o ./src/MSTK_Prog.o ./src/MUSART_Program.o ./src/_initialize_hardware.o ./src/_write.o ./src/main.o ./src/main2.o ./src/stm32f4xx_hal_msp.o   
Finished building target: task3.elf
 
Invoking: Cross ARM GNU Create Flash Image
arm-none-eabi-objcopy -O ihex "task3.elf"  "task3.hex"
Finished building: task3.hex
 
Invoking: Cross ARM GNU Print Size
arm-none-eabi-size --format=berkeley "task3.elf"
   text	   data	    bss	    dec	    hex	filename
   9323	    160	    492	   9975	   26f7	task3.elf
Finished building: task3.siz
 
